// Jest Snapshot v1, https://goo.gl/fbAQLP

exports[`renders correctly 1`] = `
<nav
  className="navbar navbar-expand-lg navbar-dark bg-dark"
>
  <div
    className="container"
  >
    <a
      className="navbar-brand"
      href="/"
    >
      Math magicians
    </a>
    <button
      aria-controls="responsive-navbar-nav"
      aria-label="Toggle navigation"
      className="navbar-toggler collapsed"
      onClick={[Function]}
      type="button"
    >
      <span
        className="navbar-toggler-icon"
      />
    </button>
    <div
      aria-expanded={null}
      className="navbar-collapse collapse"
      id="responsive-navbar-nav"
    >
      <div
        className="me-auto justify-content-end flex-grow-1 pe-3 navbar-nav"
        onKeyDown={[Function]}
      >
        <a
          className="nav-link"
          data-rr-ui-event-key="/"
          disabled={false}
          href="/"
          onClick={[Function]}
        >
          Home
        </a>
        <a
          className="nav-link"
          data-rr-ui-event-key="/Calculator"
          disabled={false}
          href="/Calculator"
          onClick={[Function]}
        >
          Calculator
        </a>
        <a
          className="nav-link"
          data-rr-ui-event-key="/Quote"
          disabled={false}
          href="/Quote"
          onClick={[Function]}
        >
          Quote
        </a>
      </div>
    </div>
  </div>
</nav>
`;
